
> taxi-gate@1.0.0 build /home/hammad-sandhu/codes/admin
> next build

   ▲ Next.js 14.1.3
   - Environments: .env.local

   Creating an optimized production build ...
 ⚠ For production Image Optimization with Next.js, the optional 'sharp' package is strongly recommended. Run 'npm i sharp', and Next.js will use it automatically for Image Optimization.
Read more: https://nextjs.org/docs/messages/sharp-missing-in-production
request to https://fonts.googleapis.com/css2?family=Inter:wght@100..900&display=swap failed, reason: 

Retrying 1/3...
 ✓ Compiled successfully
   Linting and checking validity of types ...
Failed to compile.

./action/project-action.ts:21:30
Type error: Cannot find module '@/app/api/projects/data' or its corresponding type declarations.

[0m [90m 19 |[39m } [36mfrom[39m [32m"@/config/project-config"[39m[33m;[39m[0m
[0m [90m 20 |[39m [36mimport[39m { revalidatePath } [36mfrom[39m [32m"next/cache"[39m[33m;[39m[0m
[0m[31m[1m>[22m[39m[90m 21 |[39m [36mimport[39m { type [33mProject[39m } [36mfrom[39m [32m"@/app/api/projects/data"[39m[33m;[39m[0m
[0m [90m    |[39m                              [31m[1m^[22m[39m[0m
[0m [90m 22 |[39m [36mimport[39m { type [33mBoard[39m } [36mfrom[39m [32m"@/app/api/boards/data"[39m[33m;[39m[0m
[0m [90m 23 |[39m [36mimport[39m { type [33mTask[39m } [36mfrom[39m [32m"@/app/api/tasks/data"[39m[33m;[39m[0m
[0m [90m 24 |[39m [36mimport[39m { type [33mSubTask[39m } [36mfrom[39m [32m"@/app/api/tasks/data"[39m[33m;[39m[0m
 ELIFECYCLE  Command failed with exit code 1.
